Router(config)#router ospf 1
Router(config-router)#re
Router(config-router)#redistribute e
Router(config-router)#exit
Router(config)#
Router(config)#
Router(config)#
Router(config)#
Router(config)#
Router(config)#ip rout
Router(config)#ip route
Router(config)#ip route  192.168.30.0 255.255.255.0 5.5.5.2
%Invalid next hop address (it's this router)
Router(config)#ip route  192.168.30.0 255.255.255.0 5.5.5.1
Router(config)#ip route  192.168.50.0 255.255.255.0 5.5.5.1
Router(config)#exit
Router#
%SYS-5-CONFIG_I: Configured from console by console

Router#
Router#
Router#show ip r
Router#show ip rou
Router#show ip route 
Codes: L - local, C - connected, S - static, R - RIP, M - mobile, B - BGP
       D - EIGRP, EX - EIGRP external, O - OSPF, IA - OSPF inter area
       N1 - OSPF NSSA external type 1, N2 - OSPF NSSA external type 2
       E1 - OSPF external type 1, E2 - OSPF external type 2, E - EGP
       i - IS-IS, L1 - IS-IS level-1, L2 - IS-IS level-2, ia - IS-IS inter area
       * - candidate default, U - per-user static route, o - ODR
       P - periodic downloaded static route

Gateway of last resort is not set

     1.0.0.0/30 is subnetted, 1 subnets
O E2    1.1.1.0/30 [110/20] via 5.5.5.1, 00:04:42, GigabitEthernet0/0
     2.0.0.0/30 is subnetted, 1 subnets
O E2    2.2.2.0/30 [110/20] via 5.5.5.1, 00:04:42, GigabitEthernet0/0
     3.0.0.0/30 is subnetted, 1 subnets
O E2    3.3.3.0/30 [110/20] via 5.5.5.1, 00:04:42, GigabitEthernet0/0
     5.0.0.0/8 is variably subnetted, 2 subnets, 2 masks
C       5.5.5.0/30 is directly connected, GigabitEthernet0/0
L       5.5.5.2/32 is directly connected, GigabitEthernet0/0
     6.0.0.0/8 is variably subnetted, 2 subnets, 2 masks
C       6.6.6.0/30 is directly connected, GigabitEthernet0/2
L       6.6.6.2/32 is directly connected, GigabitEthernet0/2
     7.0.0.0/8 is variably subnetted, 2 subnets, 2 masks
C       7.7.7.0/30 is directly connected, GigabitEthernet0/1
L       7.7.7.2/32 is directly connected, GigabitEthernet0/1
     10.0.0.0/24 is subnetted, 2 subnets
O       10.10.40.0/24 [110/2] via 7.7.7.1, 02:24:51, GigabitEthernet0/1
O       10.10.50.0/24 [110/2] via 7.7.7.1, 02:24:51, GigabitEthernet0/1
O E2 192.168.10.0/24 [110/20] via 5.5.5.1, 00:04:42, GigabitEthernet0/0
O E2 192.168.20.0/24 [110/20] via 5.5.5.1, 00:04:42, GigabitEthernet0/0
S    192.168.30.0/24 [1/0] via 5.5.5.1
O E2 192.168.40.0/24 [110/20] via 5.5.5.1, 00:04:42, GigabitEthernet0/0
S    192.168.50.0/24 [1/0] via 5.5.5.1
Router# 
Router#
Router#
Router#conf t
Enter configuration commands, one per line.  End with CNTL/Z.
Router(config)#
Router(config)#
Router(config)#ip rou
Router(config)#no ip route  192.168.50.0 255.255.255.0 5.5.5.1
Router(config)#ip route  160.160.50.0 255.255.255.0 5.5.5.1
Router(config)#ex
Router#
%SYS-5-CONFIG_I: Configured from console by console

Router#
Router#
Router#
Router#conf t
Enter configuration commands, one per line.  End with CNTL/Z.
Router(config)#
Router(config)#
Router(config)#
Router(config)#router osp
Router(config)#router ospf 1
Router(config-router)#red
Router(config-router)#redistribute r
Router(config-router)#redistribute rip s
Router(config-router)#redistribute rip subnets 
Router(config-router)#exit
Router(config)#router rip  
Router(config-router)#ver
Router(config-router)#version 2
Router(config-router)#net
Router(config-router)#network 6.6.6.0 0.0.0.3
                                      ^
% Invalid input detected at '^' marker.
	
Router(config-router)#network 6.6.6.0 ?
  <cr>
Router(config-router)#network 6.6.6.0 0.0.0.3 ?
% Unrecognized command
Router(config-router)#no a
Router(config-router)#no auto-summary 
Router(config-router)#network 6.6.6.0 0.0.0.3
                                      ^
% Invalid input detected at '^' marker.
	
Router(config-router)#network 6.6.6.0 0.0.0.255
                                      ^
% Invalid input detected at '^' marker.
	
Router(config-router)#network 6.6.6.0
Router(config-router)#re
Router(config-router)#redistribute o
Router(config-router)#redistribute ospf 1 ?
  match   Redistribution of OSPF routes
  metric  Metric for redistributed routes
  <cr>
Router(config-router)#redistribute ospf 1 met
Router(config-router)#redistribute ospf 1 metric  ?
  <0-16>       Default metric
  transparent  Transparently redistribute metric
Router(config-router)#redistribute ospf 1 metric   6 ?
  match  Redistribution of OSPF routes
  <cr>
Router(config-router)#redistribute ospf 1 metric   6 
Router(config-router)#exit
Router(config)#
Router(config)#
Router(config)#exit
Router#